// Jest Snapshot v1, https://goo.gl/fbAQLP

exports[`Render empty offers screen 1`] = `
<h1>
  Testg
</h1>
`;
